t=   0.0s q=   0 inflight=  0 desired= 1 replicas= 1 ready= 1 cpu=   9.0m done=   0
t=   1.3s q=   0 inflight=  0 desired= 1 replicas= 1 ready= 1 cpu=   9.0m done=   0
t=   2.5s q=   0 inflight=  0 desired= 1 replicas= 1 ready= 1 cpu=   9.0m done=   0
t=   3.7s q=   0 inflight=  0 desired= 1 replicas= 1 ready= 1 cpu=   9.0m done=   0
t=   5.0s q=   0 inflight=  0 desired= 1 replicas= 1 ready= 1 cpu=   9.0m done=   0
t=   6.2s q=   0 inflight=  0 desired= 1 replicas= 1 ready= 1 cpu=   9.0m done=   0
t=   7.4s q=   0 inflight=  0 desired= 1 replicas= 1 ready= 1 cpu=   9.0m done=   0
t=   8.7s q=   0 inflight=  0 desired= 1 replicas= 1 ready= 1 cpu=   9.0m done=   0
t=   9.9s q=   0 inflight=  0 desired= 1 replicas= 1 ready= 1 cpu=   9.0m done=   0
t=  11.1s q=   0 inflight=  0 desired= 1 replicas= 1 ready= 1 cpu=   9.0m done=   0
t=  12.4s q=   0 inflight=  0 desired= 1 replicas= 1 ready= 1 cpu=   9.0m done=   0
t=  13.6s q=   0 inflight=  0 desired= 1 replicas= 1 ready= 1 cpu=   9.0m done=   0
t=  14.8s q=   0 inflight=  0 desired= 1 replicas= 1 ready= 1 cpu=   9.0m done=   0
t=  16.1s q= 198 inflight=  2 desired= 1 replicas= 1 ready= 1 cpu=   9.0m done=   0
t=  17.3s q= 198 inflight=  2 desired= 1 replicas= 1 ready= 1 cpu=   9.0m done=   0
t=  18.5s q= 196 inflight=  2 desired= 1 replicas= 1 ready= 1 cpu=   9.0m done=   2
t=  19.8s q= 196 inflight=  2 desired= 1 replicas= 1 ready= 1 cpu=   9.0m done=   2
t=  21.0s q= 196 inflight=  2 desired= 1 replicas= 1 ready= 1 cpu=   9.0m done=   2
t=  22.2s q= 194 inflight=  2 desired= 1 replicas= 1 ready= 1 cpu=   9.0m done=   4
t=  23.4s q= 194 inflight=  2 desired= 1 replicas= 1 ready= 1 cpu=   9.0m done=   4
t=  24.6s q= 192 inflight=  2 desired= 1 replicas= 1 ready= 1 cpu=   9.0m done=   6
t=  25.8s q= 192 inflight=  2 desired= 1 replicas= 1 ready= 1 cpu=   9.0m done=   6
t=  27.1s q= 191 inflight=  2 desired= 1 replicas= 1 ready= 1 cpu=   9.0m done=   7
t=  28.3s q= 190 inflight=  2 desired= 1 replicas= 1 ready= 1 cpu=   9.0m done=   8
t=  27.0s q= 190 inflight=  2 desired= 5 replicas= 5 ready= 1 cpu=   9.0m done=   8
t=  28.4s q= 188 inflight=  2 desired= 5 replicas= 5 ready= 1 cpu=   9.0m done=  10
t=  29.6s q= 188 inflight=  2 desired= 5 replicas= 5 ready= 1 cpu=   9.0m done=  10
t=  30.9s q= 186 inflight=  2 desired= 5 replicas= 5 ready= 1 cpu=  28.0m done=  12
t=  32.2s q= 186 inflight=  2 desired= 5 replicas= 5 ready= 1 cpu=  28.0m done=  12
t=  33.4s q= 186 inflight=  2 desired= 5 replicas= 5 ready= 1 cpu=  28.0m done=  12
t=  34.6s q= 184 inflight=  2 desired= 5 replicas= 5 ready= 1 cpu=  28.0m done=  14
t=  36.1s q= 184 inflight=  2 desired= 5 replicas= 5 ready= 1 cpu=  28.0m done=  14
t=  37.3s q= 182 inflight=  2 desired= 5 replicas= 5 ready= 1 cpu=  28.0m done=  16
t=  38.5s q= 182 inflight=  2 desired= 5 replicas= 5 ready= 1 cpu=  28.0m done=  16
t=  39.7s q= 181 inflight=  2 desired= 5 replicas= 5 ready= 1 cpu=  28.0m done=  17
t=  40.9s q= 180 inflight=  2 desired= 8 replicas= 5 ready= 1 cpu=  28.0m done=  18
t=  42.1s q= 180 inflight=  2 desired= 8 replicas= 8 ready= 1 cpu=  28.0m done=  18
t=  43.5s q= 178 inflight=  2 desired= 8 replicas= 8 ready= 1 cpu=  28.0m done=  20
t=  44.7s q= 178 inflight=  2 desired= 8 replicas= 8 ready= 1 cpu=  28.0m done=  20
t=  45.9s q= 176 inflight=  2 desired= 8 replicas= 8 ready= 1 cpu=  28.0m done=  22
t=  47.3s q= 169 inflight=  9 desired= 8 replicas= 8 ready= 1 cpu=  28.0m done=  22
t=  48.5s q= 168 inflight= 10 desired= 8 replicas= 8 ready= 5 cpu=  28.0m done=  22
t=  49.7s q= 166 inflight= 10 desired= 8 replicas= 8 ready= 5 cpu=  28.0m done=  24
t=  51.0s q= 158 inflight= 10 desired= 8 replicas= 8 ready= 5 cpu=  28.0m done=  32
t=  52.2s q= 156 inflight= 10 desired= 8 replicas= 8 ready= 5 cpu=  28.0m done=  34
t=  53.4s q= 149 inflight= 10 desired= 8 replicas= 8 ready= 5 cpu=  28.0m done=  41
t=  54.8s q= 147 inflight= 10 desired= 8 replicas= 8 ready= 5 cpu=  28.0m done=  43
t=  56.0s q= 146 inflight= 10 desired= 8 replicas= 8 ready= 5 cpu=  28.0m done=  44
t=  57.2s q= 138 inflight= 10 desired= 8 replicas= 8 ready= 5 cpu=  28.0m done=  52
t=  58.5s q= 136 inflight= 10 desired= 8 replicas= 8 ready= 5 cpu=  28.0m done=  54
t=  57.1s q= 128 inflight= 10 desired= 8 replicas= 8 ready= 5 cpu=  28.0m done=  62
t=  58.3s q= 126 inflight= 10 desired= 8 replicas= 8 ready= 5 cpu=  28.0m done=  64
t=  59.7s q= 122 inflight= 14 desired= 8 replicas= 8 ready= 5 cpu=  28.0m done=  64
t=  60.9s q= 112 inflight= 16 desired= 8 replicas= 8 ready= 8 cpu=  28.0m done=  72
t=  62.1s q= 110 inflight= 16 desired= 8 replicas= 8 ready= 8 cpu=  28.0m done=  74
t=  63.4s q=  96 inflight= 16 desired= 8 replicas= 8 ready= 8 cpu=  28.0m done=  88
t=  64.6s q=  94 inflight= 16 desired= 8 replicas= 8 ready= 8 cpu=  28.0m done=  90
t=  65.8s q=  89 inflight= 16 desired= 8 replicas= 8 ready= 8 cpu=  28.0m done=  95
t=  67.2s q=  80 inflight= 16 desired= 8 replicas= 8 ready= 8 cpu=  28.0m done= 104
t=  68.3s q=  78 inflight= 16 desired= 8 replicas= 8 ready= 8 cpu=  28.0m done= 106
t=  69.5s q=  64 inflight= 16 desired= 8 replicas= 8 ready= 8 cpu=  28.0m done= 120
t=  70.8s q=  62 inflight= 16 desired= 8 replicas= 8 ready= 8 cpu=  28.0m done= 122
t=  72.0s q=  50 inflight= 16 desired= 8 replicas= 8 ready= 8 cpu=  28.0m done= 134
t=  73.2s q=  47 inflight= 16 desired= 8 replicas= 8 ready= 8 cpu=  28.0m done= 137
t=  74.5s q=  46 inflight= 16 desired= 8 replicas= 8 ready= 8 cpu=  28.0m done= 138
t=  75.8s q=  32 inflight= 16 desired= 8 replicas= 8 ready= 8 cpu=  28.0m done= 152
t=  77.0s q=  30 inflight= 16 desired= 8 replicas= 8 ready= 8 cpu=  28.0m done= 154
t=  78.2s q=  16 inflight= 16 desired= 8 replicas= 8 ready= 8 cpu=  28.0m done= 168
t=  79.4s q=  14 inflight= 16 desired= 8 replicas= 8 ready= 8 cpu=  28.0m done= 170
t=  80.6s q=  14 inflight= 16 desired= 8 replicas= 8 ready= 8 cpu=  28.0m done= 170
t=  81.9s q=   0 inflight= 16 desired= 8 replicas= 8 ready= 8 cpu=  28.0m done= 184
t=  83.1s q=   0 inflight= 14 desired= 8 replicas= 8 ready= 8 cpu=  28.0m done= 186
t=  84.3s q=   0 inflight=  0 desired= 8 replicas= 8 ready= 8 cpu=  28.0m done= 200
t=  85.7s q=   0 inflight=  0 desired= 8 replicas= 8 ready= 8 cpu=  28.0m done= 200
t=  86.8s q=   0 inflight=  0 desired= 8 replicas= 8 ready= 8 cpu=  28.0m done= 200
t=  88.1s q=   0 inflight=  0 desired= 8 replicas= 8 ready= 8 cpu=  64.1m done= 200
t=  86.9s q=   0 inflight=  0 desired= 8 replicas= 8 ready= 8 cpu=  64.1m done= 200
t=  88.1s q=   0 inflight=  0 desired= 8 replicas= 8 ready= 8 cpu=  64.1m done= 200
t=  89.3s q=   0 inflight=  0 desired= 8 replicas= 8 ready= 8 cpu=  64.1m done= 200
t=  90.5s q=   0 inflight=  0 desired= 8 replicas= 8 ready= 8 cpu=  64.1m done= 200
t=  91.8s q=   0 inflight=  0 desired= 8 replicas= 8 ready= 8 cpu=  64.1m done= 200
t=  93.0s q=   0 inflight=  0 desired= 8 replicas= 8 ready= 8 cpu=  64.1m done= 200
t=  94.3s q=   0 inflight=  0 desired= 8 replicas= 8 ready= 8 cpu=  64.1m done= 200
t=  95.5s q=   0 inflight=  0 desired= 8 replicas= 8 ready= 8 cpu=  64.1m done= 200
t=  96.6s q=   0 inflight=  0 desired= 8 replicas= 8 ready= 8 cpu=  64.1m done= 200
t=  97.9s q=   0 inflight=  0 desired= 8 replicas= 8 ready= 8 cpu=  64.1m done= 200
t=  99.1s q=   0 inflight=  0 desired= 8 replicas= 8 ready= 8 cpu=  64.1m done= 200
t= 100.3s q=   0 inflight=  0 desired= 8 replicas= 8 ready= 8 cpu=  64.1m done= 200
t= 101.6s q=   0 inflight=  0 desired= 8 replicas= 8 ready= 8 cpu=  64.1m done= 200
t= 102.8s q=   0 inflight=  0 desired= 8 replicas= 8 ready= 8 cpu=  64.1m done= 200
t= 104.0s q=   0 inflight=  0 desired= 8 replicas= 8 ready= 8 cpu=  64.1m done= 200
t= 105.3s q=   0 inflight=  0 desired= 8 replicas= 8 ready= 8 cpu=  64.1m done= 200
t= 106.5s q=   0 inflight=  0 desired= 8 replicas= 8 ready= 8 cpu=  64.1m done= 200
t= 107.7s q=   0 inflight=  0 desired= 8 replicas= 8 ready= 8 cpu=  64.1m done= 200
t= 109.0s q=   0 inflight=  0 desired= 8 replicas= 8 ready= 8 cpu=  64.1m done= 200
t= 110.2s q=   0 inflight=  0 desired= 8 replicas= 8 ready= 8 cpu=  64.1m done= 200
t= 111.4s q=   0 inflight=  0 desired= 8 replicas= 8 ready= 8 cpu=  64.1m done= 200
t= 112.7s q=   0 inflight=  0 desired= 8 replicas= 8 ready= 8 cpu=  64.1m done= 200
t= 113.8s q=   0 inflight=  0 desired= 8 replicas= 8 ready= 8 cpu=  64.1m done= 200
t= 115.0s q=   0 inflight=  0 desired= 8 replicas= 8 ready= 8 cpu=  64.1m done= 200
t= 116.3s q=   0 inflight=  0 desired= 8 replicas= 8 ready= 8 cpu=  64.1m done= 200
t= 117.5s q=   0 inflight=  0 desired= 8 replicas= 8 ready= 8 cpu=  64.1m done= 200
t= 116.3s q=   0 inflight=  0 desired= 8 replicas= 8 ready= 8 cpu=  64.1m done= 200
t= 117.5s q=   0 inflight=  0 desired= 8 replicas= 8 ready= 8 cpu=  64.1m done= 200
t= 118.7s q=   0 inflight=  0 desired= 8 replicas= 8 ready= 8 cpu=  64.1m done= 200
t= 120.0s q=   0 inflight=  0 desired= 8 replicas= 8 ready= 8 cpu=  64.1m done= 200
t= 121.2s q=   0 inflight=  0 desired= 8 replicas= 8 ready= 8 cpu=  64.1m done= 200
t= 122.4s q=   0 inflight=  0 desired= 8 replicas= 8 ready= 8 cpu=  64.1m done= 200
t= 123.6s q=   0 inflight=  0 desired= 7 replicas= 8 ready= 8 cpu=  64.1m done= 200
t= 125.0s q=   0 inflight=  0 desired= 7 replicas= 7 ready= 7 cpu=  64.1m done= 200
t= 126.2s q=   0 inflight=  0 desired= 7 replicas= 7 ready= 7 cpu=  64.1m done= 200
t= 127.3s q=   0 inflight=  0 desired= 7 replicas= 7 ready= 7 cpu=  65.6m done= 200
t= 128.7s q=   0 inflight=  0 desired= 7 replicas= 7 ready= 7 cpu=  65.6m done= 200
t= 129.8s q=   0 inflight=  0 desired= 7 replicas= 7 ready= 7 cpu=  65.6m done= 200
t= 131.1s q=   0 inflight=  0 desired= 7 replicas= 7 ready= 7 cpu=  65.6m done= 200
t= 132.3s q=   0 inflight=  0 desired= 7 replicas= 7 ready= 7 cpu=  65.6m done= 200
t= 133.6s q=   0 inflight=  0 desired= 7 replicas= 7 ready= 7 cpu=  65.6m done= 200
t= 134.8s q=   0 inflight=  0 desired= 7 replicas= 7 ready= 7 cpu=  65.6m done= 200
t= 136.1s q=   0 inflight=  0 desired= 7 replicas= 7 ready= 7 cpu=  65.6m done= 200
t= 137.2s q=   0 inflight=  0 desired= 7 replicas= 7 ready= 7 cpu=  65.6m done= 200
t= 138.5s q=   0 inflight=  0 desired= 7 replicas= 7 ready= 7 cpu=  65.6m done= 200
t= 139.8s q=   0 inflight=  0 desired= 7 replicas= 7 ready= 7 cpu=  65.6m done= 200
t= 141.0s q=   0 inflight=  0 desired= 7 replicas= 7 ready= 7 cpu=  65.6m done= 200
t= 142.2s q=   0 inflight=  0 desired= 7 replicas= 7 ready= 7 cpu=  65.6m done= 200
t= 143.5s q=   0 inflight=  0 desired= 7 replicas= 7 ready= 7 cpu=  65.6m done= 200
t= 144.7s q=   0 inflight=  0 desired= 7 replicas= 7 ready= 7 cpu=  65.6m done= 200
t= 145.9s q=   0 inflight=  0 desired= 7 replicas= 7 ready= 7 cpu=  11.0m done= 200
t= 147.2s q=   0 inflight=  0 desired= 7 replicas= 7 ready= 7 cpu=  11.0m done= 200
t= 145.9s q=   0 inflight=  0 desired= 7 replicas= 7 ready= 7 cpu=  11.0m done= 200
t= 147.2s q=   0 inflight=  0 desired= 7 replicas= 7 ready= 7 cpu=  11.0m done= 200
t= 148.5s q=   0 inflight=  0 desired= 7 replicas= 7 ready= 7 cpu=  11.0m done= 200
t= 149.7s q=   0 inflight=  0 desired= 7 replicas= 7 ready= 7 cpu=  11.0m done= 200
t= 150.9s q=   0 inflight=  0 desired= 7 replicas= 7 ready= 7 cpu=  11.0m done= 200
t= 152.2s q=   0 inflight=  0 desired= 6 replicas= 6 ready= 6 cpu=  11.0m done= 200
t= 153.4s q=   0 inflight=  0 desired= 6 replicas= 6 ready= 6 cpu=  11.0m done= 200
t= 154.8s q=   0 inflight=  0 desired= 6 replicas= 6 ready= 6 cpu=  11.0m done= 200
t= 156.1s q=   0 inflight=  0 desired= 6 replicas= 6 ready= 6 cpu=  11.0m done= 200
t= 157.3s q=   0 inflight=  0 desired= 6 replicas= 6 ready= 6 cpu=  11.0m done= 200
t= 158.5s q=   0 inflight=  0 desired= 6 replicas= 6 ready= 6 cpu=  11.0m done= 200
t= 159.8s q=   0 inflight=  0 desired= 6 replicas= 6 ready= 6 cpu=  11.0m done= 200
t= 161.0s q=   0 inflight=  0 desired= 6 replicas= 6 ready= 6 cpu=  11.0m done= 200
t= 162.2s q=   0 inflight=  0 desired= 6 replicas= 6 ready= 6 cpu=  11.0m done= 200
t= 163.5s q=   0 inflight=  0 desired= 6 replicas= 6 ready= 6 cpu=  11.0m done= 200
t= 164.7s q=   0 inflight=  0 desired= 6 replicas= 6 ready= 6 cpu=  11.0m done= 200
t= 165.9s q=   0 inflight=  0 desired= 6 replicas= 6 ready= 6 cpu=  11.0m done= 200
t= 167.2s q=   0 inflight=  0 desired= 6 replicas= 6 ready= 6 cpu=  11.0m done= 200
t= 168.4s q=   0 inflight=  0 desired= 6 replicas= 6 ready= 6 cpu=  11.0m done= 200
t= 169.6s q=   0 inflight=  0 desired= 6 replicas= 6 ready= 6 cpu=  11.0m done= 200
t= 170.9s q=   0 inflight=  0 desired= 6 replicas= 6 ready= 6 cpu=  11.0m done= 200
t= 172.1s q=   0 inflight=  0 desired= 6 replicas= 6 ready= 6 cpu=  11.0m done= 200
t= 173.2s q=   0 inflight=  0 desired= 6 replicas= 6 ready= 6 cpu=  11.0m done= 200
t= 174.5s q=   0 inflight=  0 desired= 6 replicas= 6 ready= 6 cpu=  11.0m done= 200
t= 175.8s q=   0 inflight=  0 desired= 6 replicas= 6 ready= 6 cpu=  11.0m done= 200
t= 176.9s q=   0 inflight=  0 desired= 6 replicas= 6 ready= 6 cpu=  11.0m done= 200
t= 175.8s q=   0 inflight=  0 desired= 6 replicas= 6 ready= 6 cpu=  11.0m done= 200
t= 177.0s q=   0 inflight=  0 desired= 6 replicas= 6 ready= 6 cpu=  11.0m done= 200
t= 178.2s q=   0 inflight=  0 desired= 6 replicas= 6 ready= 6 cpu=  11.0m done= 200
t= 179.4s q=   0 inflight=  0 desired= 5 replicas= 5 ready= 5 cpu=  11.0m done= 200
t= 180.7s q=   0 inflight=  0 desired= 5 replicas= 5 ready= 5 cpu=  11.0m done= 200
t= 181.9s q=   0 inflight=  0 desired= 5 replicas= 5 ready= 5 cpu=  11.0m done= 200
t= 183.2s q=   0 inflight=  0 desired= 5 replicas= 5 ready= 5 cpu=  11.0m done= 200
t= 184.4s q=   0 inflight=  0 desired= 5 replicas= 5 ready= 5 cpu=  11.0m done= 200
t= 185.6s q=   0 inflight=  0 desired= 5 replicas= 5 ready= 5 cpu=  11.0m done= 200
t= 186.9s q=   0 inflight=  0 desired= 5 replicas= 5 ready= 5 cpu=  11.0m done= 200
t= 188.1s q=   0 inflight=  0 desired= 5 replicas= 5 ready= 5 cpu=  11.0m done= 200
t= 189.3s q=   0 inflight=  0 desired= 5 replicas= 5 ready= 5 cpu=  11.0m done= 200
t= 190.6s q=   0 inflight=  0 desired= 5 replicas= 5 ready= 5 cpu=  11.0m done= 200
t= 191.8s q=   0 inflight=  0 desired= 5 replicas= 5 ready= 5 cpu=  11.0m done= 200
t= 193.0s q=   0 inflight=  0 desired= 5 replicas= 5 ready= 5 cpu=  11.0m done= 200
t= 194.3s q=   0 inflight=  0 desired= 5 replicas= 5 ready= 5 cpu=  11.0m done= 200
t= 195.5s q=   0 inflight=  0 desired= 5 replicas= 5 ready= 5 cpu=  11.0m done= 200
t= 196.7s q=   0 inflight=  0 desired= 5 replicas= 5 ready= 5 cpu=  11.0m done= 200
t= 197.9s q=   0 inflight=  0 desired= 5 replicas= 5 ready= 5 cpu=  11.0m done= 200
t= 199.1s q=   0 inflight=  0 desired= 5 replicas= 5 ready= 5 cpu=  11.0m done= 200
t= 200.3s q=   0 inflight=  0 desired= 5 replicas= 5 ready= 5 cpu=  11.0m done= 200
t= 201.7s q=   0 inflight=  0 desired= 5 replicas= 5 ready= 5 cpu=  11.0m done= 200
t= 202.8s q=   0 inflight=  0 desired= 5 replicas= 5 ready= 5 cpu=  11.0m done= 200
t= 204.1s q=   0 inflight=  0 desired= 5 replicas= 5 ready= 5 cpu=  11.0m done= 200
t= 205.3s q=   0 inflight=  0 desired= 5 replicas= 5 ready= 5 cpu=  11.0m done= 200
t= 206.6s q=   0 inflight=  0 desired= 5 replicas= 5 ready= 5 cpu=  11.0m done= 200
t= 205.3s q=   0 inflight=  0 desired= 5 replicas= 5 ready= 5 cpu=  11.0m done= 200
t= 206.5s q=   0 inflight=  0 desired= 4 replicas= 4 ready= 4 cpu=  11.0m done= 200
t= 207.7s q=   0 inflight=  0 desired= 4 replicas= 4 ready= 4 cpu=  11.0m done= 200
t= 208.9s q=   0 inflight=  0 desired= 4 replicas= 4 ready= 4 cpu=  11.0m done= 200
t= 210.2s q=   0 inflight=  0 desired= 4 replicas= 4 ready= 4 cpu=  11.0m done= 200
t= 211.4s q=   0 inflight=  0 desired= 4 replicas= 4 ready= 4 cpu=  11.0m done= 200
t= 212.6s q=   0 inflight=  0 desired= 4 replicas= 4 ready= 4 cpu=  11.0m done= 200
t= 213.9s q=   0 inflight=  0 desired= 4 replicas= 4 ready= 4 cpu=  11.0m done= 200
t= 215.1s q=   0 inflight=  0 desired= 4 replicas= 4 ready= 4 cpu=  11.0m done= 200
t= 216.3s q=   0 inflight=  0 desired= 4 replicas= 4 ready= 4 cpu=  11.0m done= 200
t= 217.6s q=   0 inflight=  0 desired= 4 replicas= 4 ready= 4 cpu=  11.0m done= 200
t= 218.8s q=   0 inflight=  0 desired= 4 replicas= 4 ready= 4 cpu=  11.0m done= 200
t= 220.0s q=   0 inflight=  0 desired= 4 replicas= 4 ready= 4 cpu=  11.0m done= 200
t= 221.3s q=   0 inflight=  0 desired= 4 replicas= 4 ready= 4 cpu=  11.0m done= 200
t= 222.5s q=   0 inflight=  0 desired= 4 replicas= 4 ready= 4 cpu=  11.0m done= 200
t= 223.7s q=   0 inflight=  0 desired= 4 replicas= 4 ready= 4 cpu=  11.0m done= 200
t= 225.0s q=   0 inflight=  0 desired= 4 replicas= 4 ready= 4 cpu=  11.0m done= 200
t= 226.3s q=   0 inflight=  0 desired= 4 replicas= 4 ready= 4 cpu=  11.0m done= 200
t= 227.5s q=   0 inflight=  0 desired= 4 replicas= 4 ready= 4 cpu=  11.0m done= 200
t= 228.8s q=   0 inflight=  0 desired= 4 replicas= 4 ready= 4 cpu=  11.0m done= 200
t= 230.0s q=   0 inflight=  0 desired= 4 replicas= 4 ready= 4 cpu=  11.0m done= 200
t= 231.2s q=   0 inflight=  0 desired= 4 replicas= 4 ready= 4 cpu=  11.0m done= 200
t= 232.5s q=   0 inflight=  0 desired= 4 replicas= 4 ready= 4 cpu=  11.0m done= 200
t= 233.7s q=   0 inflight=  0 desired= 4 replicas= 4 ready= 4 cpu=  11.0m done= 200
t= 234.8s q=   0 inflight=  0 desired= 4 replicas= 4 ready= 4 cpu=  11.0m done= 200
t= 236.1s q=   0 inflight=  0 desired= 4 replicas= 4 ready= 4 cpu=  11.0m done= 200
t= 234.9s q=   0 inflight=  0 desired= 3 replicas= 3 ready= 3 cpu=  11.0m done= 200
t= 236.1s q=   0 inflight=  0 desired= 3 replicas= 3 ready= 3 cpu=  11.0m done= 200
t= 237.4s q=   0 inflight=  0 desired= 3 replicas= 3 ready= 3 cpu=  11.0m done= 200
t= 238.7s q=   0 inflight=  0 desired= 3 replicas= 3 ready= 3 cpu=  11.0m done= 200
t= 239.9s q=   0 inflight=  0 desired= 3 replicas= 3 ready= 3 cpu=  11.0m done= 200
t= 241.3s q=   0 inflight=  0 desired= 3 replicas= 3 ready= 3 cpu=  11.0m done= 200
t= 242.5s q=   0 inflight=  0 desired= 3 replicas= 3 ready= 3 cpu=  11.0m done= 200
t= 243.7s q=   0 inflight=  0 desired= 3 replicas= 3 ready= 3 cpu=  11.0m done= 200
t= 244.9s q=   0 inflight=  0 desired= 3 replicas= 3 ready= 3 cpu=  11.0m done= 200
t= 246.3s q=   0 inflight=  0 desired= 3 replicas= 3 ready= 3 cpu=  11.0m done= 200
t= 247.5s q=   0 inflight=  0 desired= 3 replicas= 3 ready= 3 cpu=  11.0m done= 200
t= 248.8s q=   0 inflight=  0 desired= 3 replicas= 3 ready= 3 cpu=  11.0m done= 200
t= 250.0s q=   0 inflight=  0 desired= 3 replicas= 3 ready= 3 cpu=  11.0m done= 200
t= 251.2s q=   0 inflight=  0 desired= 3 replicas= 3 ready= 3 cpu=  11.0m done= 200
t= 252.5s q=   0 inflight=  0 desired= 3 replicas= 3 ready= 3 cpu=  11.0m done= 200
t= 253.7s q=   0 inflight=  0 desired= 3 replicas= 3 ready= 3 cpu=  11.0m done= 200
t= 254.9s q=   0 inflight=  0 desired= 3 replicas= 3 ready= 3 cpu=  10.7m done= 200
t= 256.2s q=   0 inflight=  0 desired= 3 replicas= 3 ready= 3 cpu=  10.7m done= 200
t= 257.4s q=   0 inflight=  0 desired= 3 replicas= 3 ready= 3 cpu=  10.7m done= 200
t= 258.6s q=   0 inflight=  0 desired= 3 replicas= 3 ready= 3 cpu=  10.7m done= 200
t= 259.9s q=   0 inflight=  0 desired= 3 replicas= 3 ready= 3 cpu=  10.7m done= 200
t= 261.1s q=   0 inflight=  0 desired= 3 replicas= 3 ready= 3 cpu=  10.7m done= 200
t= 262.3s q=   0 inflight=  0 desired= 3 replicas= 3 ready= 3 cpu=  10.7m done= 200
t= 263.6s q=   0 inflight=  0 desired= 3 replicas= 3 ready= 3 cpu=  10.7m done= 200
t= 264.8s q=   0 inflight=  0 desired= 2 replicas= 2 ready= 2 cpu=  10.7m done= 200
t= 266.1s q=   0 inflight=  0 desired= 2 replicas= 2 ready= 2 cpu=  11.0m done= 200
t= 264.9s q=   0 inflight=  0 desired= 2 replicas= 2 ready= 2 cpu=  11.0m done= 200
t= 266.1s q=   0 inflight=  0 desired= 2 replicas= 2 ready= 2 cpu=  11.0m done= 200
t= 267.3s q=   0 inflight=  0 desired= 2 replicas= 2 ready= 2 cpu=  11.0m done= 200
t= 268.6s q=   0 inflight=  0 desired= 2 replicas= 2 ready= 2 cpu=  11.0m done= 200
t= 269.8s q=   0 inflight=  0 desired= 2 replicas= 2 ready= 2 cpu=  11.0m done= 200
t= 271.0s q=   0 inflight=  0 desired= 2 replicas= 2 ready= 2 cpu=  11.0m done= 200
t= 272.3s q=   0 inflight=  0 desired= 2 replicas= 2 ready= 2 cpu=  11.0m done= 200
t= 273.5s q=   0 inflight=  0 desired= 2 replicas= 2 ready= 2 cpu=  11.0m done= 200
t= 274.7s q=   0 inflight=  0 desired= 2 replicas= 2 ready= 2 cpu=  11.0m done= 200
t= 275.9s q=   0 inflight=  0 desired= 2 replicas= 2 ready= 2 cpu=  11.0m done= 200
t= 277.1s q=   0 inflight=  0 desired= 2 replicas= 2 ready= 2 cpu=  11.0m done= 200
t= 278.3s q=   0 inflight=  0 desired= 2 replicas= 2 ready= 2 cpu=  11.0m done= 200
t= 279.6s q=   0 inflight=  0 desired= 2 replicas= 2 ready= 2 cpu=  11.0m done= 200
t= 280.8s q=   0 inflight=  0 desired= 2 replicas= 2 ready= 2 cpu=  11.0m done= 200
t= 282.0s q=   0 inflight=  0 desired= 2 replicas= 2 ready= 2 cpu=  11.0m done= 200
t= 283.3s q=   0 inflight=  0 desired= 2 replicas= 2 ready= 2 cpu=  11.0m done= 200
t= 284.5s q=   0 inflight=  0 desired= 2 replicas= 2 ready= 2 cpu=  11.0m done= 200
t= 285.8s q=   0 inflight=  0 desired= 2 replicas= 2 ready= 2 cpu=  11.0m done= 200
t= 287.1s q=   0 inflight=  0 desired= 2 replicas= 2 ready= 2 cpu=  11.0m done= 200
t= 288.3s q=   0 inflight=  0 desired= 2 replicas= 2 ready= 2 cpu=  11.0m done= 200
t= 289.5s q=   0 inflight=  0 desired= 2 replicas= 2 ready= 2 cpu=  11.0m done= 200
t= 290.8s q=   0 inflight=  0 desired= 2 replicas= 2 ready= 2 cpu=  11.0m done= 200
t= 292.0s q=   0 inflight=  0 desired= 1 replicas= 1 ready= 1 cpu=  11.0m done= 200
t= 293.2s q=   0 inflight=  0 desired= 1 replicas= 1 ready= 1 cpu=  11.0m done= 200
t= 294.5s q=   0 inflight=  0 desired= 1 replicas= 1 ready= 1 cpu=  11.0m done= 200
t= 295.7s q=   0 inflight=  0 desired= 1 replicas= 1 ready= 1 cpu=  11.0m done= 200
t= 294.5s q=   0 inflight=  0 desired= 1 replicas= 1 ready= 1 cpu=  11.0m done= 200
t= 295.8s q=   0 inflight=  0 desired= 1 replicas= 1 ready= 1 cpu=  11.0m done= 200
t= 296.9s q=   0 inflight=  0 desired= 1 replicas= 1 ready= 1 cpu=  11.0m done= 200
t= 298.1s q=   0 inflight=  0 desired= 1 replicas= 1 ready= 1 cpu=  11.0m done= 200
t= 299.4s q=   0 inflight=  0 desired= 1 replicas= 1 ready= 1 cpu=  11.0m done= 200
t= 300.6s q=   0 inflight=  0 desired= 1 replicas= 1 ready= 1 cpu=  11.0m done= 200
t= 301.9s q=   0 inflight=  0 desired= 1 replicas= 1 ready= 1 cpu=  11.0m done= 200
t= 303.2s q=   0 inflight=  0 desired= 1 replicas= 1 ready= 1 cpu=  11.0m done= 200
t= 304.4s q=   0 inflight=  0 desired= 1 replicas= 1 ready= 1 cpu=  11.0m done= 200
t= 305.6s q=   0 inflight=  0 desired= 1 replicas= 1 ready= 1 cpu=  11.0m done= 200
t= 306.9s q=   0 inflight=  0 desired= 1 replicas= 1 ready= 1 cpu=  11.0m done= 200
t= 308.1s q=   0 inflight=  0 desired= 1 replicas= 1 ready= 1 cpu=  11.0m done= 200
t= 309.3s q=   0 inflight=  0 desired= 1 replicas= 1 ready= 1 cpu=  12.0m done= 200
t= 310.6s q=   0 inflight=  0 desired= 1 replicas= 1 ready= 1 cpu=  12.0m done= 200
t= 311.8s q=   0 inflight=  0 desired= 1 replicas= 1 ready= 1 cpu=  12.0m done= 200
t= 313.0s q=   0 inflight=  0 desired= 1 replicas= 1 ready= 1 cpu=  12.0m done= 200
t= 314.3s q=   0 inflight=  0 desired= 1 replicas= 1 ready= 1 cpu=  12.0m done= 200
t= 315.5s q=   0 inflight=  0 desired= 1 replicas= 1 ready= 1 cpu=  12.0m done= 200
t= 316.7s q=   0 inflight=  0 desired= 1 replicas= 1 ready= 1 cpu=  12.0m done= 200
t= 318.0s q=   0 inflight=  0 desired= 1 replicas= 1 ready= 1 cpu=  12.0m done= 200
t= 319.2s q=   0 inflight=  0 desired= 1 replicas= 1 ready= 1 cpu=  12.0m done= 200
t= 320.4s q=   0 inflight=  0 desired= 1 replicas= 1 ready= 1 cpu=  12.0m done= 200
t= 321.8s q=   0 inflight=  0 desired= 1 replicas= 1 ready= 1 cpu=  12.0m done= 200
t= 323.0s q=   0 inflight=  0 desired= 1 replicas= 1 ready= 1 cpu=  12.0m done= 200
t= 324.2s q=   0 inflight=  0 desired= 1 replicas= 1 ready= 1 cpu=  12.0m done= 200
t= 325.5s q=   0 inflight=  0 desired= 1 replicas= 1 ready= 1 cpu=  12.0m done= 200
t= 324.2s q=   0 inflight=  0 desired= 1 replicas= 1 ready= 1 cpu=  12.0m done= 200
t= 325.4s q=   0 inflight=  0 desired= 1 replicas= 1 ready= 1 cpu=  12.0m done= 200
t= 326.7s q=   0 inflight=  0 desired= 1 replicas= 1 ready= 1 cpu=  12.0m done= 200
t= 327.9s q=   0 inflight=  0 desired= 1 replicas= 1 ready= 1 cpu=  12.0m done= 200
t= 329.1s q=   0 inflight=  0 desired= 1 replicas= 1 ready= 1 cpu=  12.0m done= 200
t= 330.6s q=   0 inflight=  0 desired= 1 replicas= 1 ready= 1 cpu=  12.0m done= 200
t= 331.8s q=   0 inflight=  0 desired= 1 replicas= 1 ready= 1 cpu=  12.0m done= 200
t= 333.0s q=   0 inflight=  0 desired= 1 replicas= 1 ready= 1 cpu=  12.0m done= 200
t= 334.2s q=   0 inflight=  0 desired= 1 replicas= 1 ready= 1 cpu=  12.0m done= 200
t= 335.4s q=   0 inflight=  0 desired= 1 replicas= 1 ready= 1 cpu=  12.0m done= 200
t= 336.6s q=   0 inflight=  0 desired= 1 replicas= 1 ready= 1 cpu=  12.0m done= 200
t= 338.0s q=   0 inflight=  0 desired= 1 replicas= 1 ready= 1 cpu=  12.0m done= 200
t= 339.1s q=   0 inflight=  0 desired= 1 replicas= 1 ready= 1 cpu=  12.0m done= 200
t= 340.3s q=   0 inflight=  0 desired= 1 replicas= 1 ready= 1 cpu=  12.0m done= 200
t= 341.6s q=   0 inflight=  0 desired= 1 replicas= 1 ready= 1 cpu=  12.0m done= 200
t= 342.8s q=   0 inflight=  0 desired= 1 replicas= 1 ready= 1 cpu=  12.0m done= 200
t= 344.0s q=   0 inflight=  0 desired= 1 replicas= 1 ready= 1 cpu=  12.0m done= 200
t= 345.3s q=   0 inflight=  0 desired= 1 replicas= 1 ready= 1 cpu=  12.0m done= 200
t= 346.5s q=   0 inflight=  0 desired= 1 replicas= 1 ready= 1 cpu=  12.0m done= 200
t= 347.7s q=   0 inflight=  0 desired= 1 replicas= 1 ready= 1 cpu=  12.0m done= 200
t= 349.0s q=   0 inflight=  0 desired= 1 replicas= 1 ready= 1 cpu=  12.0m done= 200
t= 350.3s q=   0 inflight=  0 desired= 1 replicas= 1 ready= 1 cpu=  12.0m done= 200
t= 351.5s q=   0 inflight=  0 desired= 1 replicas= 1 ready= 1 cpu=  12.0m done= 200
t= 352.8s q=   0 inflight=  0 desired= 1 replicas= 1 ready= 1 cpu=  12.0m done= 200
t= 353.9s q=   0 inflight=  0 desired= 1 replicas= 1 ready= 1 cpu=  12.0m done= 200
t= 355.1s q=   0 inflight=  0 desired= 1 replicas= 1 ready= 1 cpu=  12.0m done= 200
t= 353.9s q=   0 inflight=  0 desired= 1 replicas= 1 ready= 1 cpu=  12.0m done= 200
t= 355.1s q=   0 inflight=  0 desired= 1 replicas= 1 ready= 1 cpu=  12.0m done= 200
t= 356.3s q=   0 inflight=  0 desired= 1 replicas= 1 ready= 1 cpu=  12.0m done= 200
t= 357.7s q=   0 inflight=  0 desired= 1 replicas= 1 ready= 1 cpu=  12.0m done= 200
t= 358.9s q=   0 inflight=  0 desired= 1 replicas= 1 ready= 1 cpu=  12.0m done= 200
t= 360.1s q=   0 inflight=  0 desired= 1 replicas= 1 ready= 1 cpu=  12.0m done= 200
t= 361.4s q=   0 inflight=  0 desired= 1 replicas= 1 ready= 1 cpu=  12.0m done= 200
t= 362.6s q=   0 inflight=  0 desired= 1 replicas= 1 ready= 1 cpu=  12.0m done= 200
t= 363.8s q=   0 inflight=  0 desired= 1 replicas= 1 ready= 1 cpu=  12.0m done= 200
t= 365.1s q=   0 inflight=  0 desired= 1 replicas= 1 ready= 1 cpu=  12.0m done= 200
t= 366.3s q=   0 inflight=  0 desired= 1 replicas= 1 ready= 1 cpu=  12.0m done= 200
t= 367.5s q=   0 inflight=  0 desired= 1 replicas= 1 ready= 1 cpu=  12.0m done= 200
t= 368.8s q=   0 inflight=  0 desired= 1 replicas= 1 ready= 1 cpu=  12.0m done= 200
t= 370.0s q=   0 inflight=  0 desired= 1 replicas= 1 ready= 1 cpu=  12.0m done= 200
t= 371.2s q=   0 inflight=  0 desired= 1 replicas= 1 ready= 1 cpu=  12.0m done= 200
t= 372.5s q=   0 inflight=  0 desired= 1 replicas= 1 ready= 1 cpu=  12.0m done= 200
t= 373.7s q=   0 inflight=  0 desired= 1 replicas= 1 ready= 1 cpu=  12.0m done= 200
t= 374.9s q=   0 inflight=  0 desired= 1 replicas= 1 ready= 1 cpu=  12.0m done= 200
t= 376.2s q=   0 inflight=  0 desired= 1 replicas= 1 ready= 1 cpu=  12.0m done= 200
t= 377.5s q=   0 inflight=  0 desired= 1 replicas= 1 ready= 1 cpu=  12.0m done= 200
t= 378.7s q=   0 inflight=  0 desired= 1 replicas= 1 ready= 1 cpu=  12.0m done= 200
t= 380.0s q=   0 inflight=  0 desired= 1 replicas= 1 ready= 1 cpu=  12.0m done= 200
t= 381.2s q=   0 inflight=  0 desired= 1 replicas= 1 ready= 1 cpu=  12.0m done= 200
t= 382.4s q=   0 inflight=  0 desired= 1 replicas= 1 ready= 1 cpu=  12.0m done= 200
t= 383.7s q=   0 inflight=  0 desired= 1 replicas= 1 ready= 1 cpu=  12.0m done= 200
t= 384.9s q=   0 inflight=  0 desired= 1 replicas= 1 ready= 1 cpu=  12.0m done= 200
t= 383.6s q=   0 inflight=  0 desired= 1 replicas= 1 ready= 1 cpu=  12.0m done= 200
t= 384.9s q=   0 inflight=  0 desired= 1 replicas= 1 ready= 1 cpu=  12.0m done= 200
t= 386.1s q=   0 inflight=  0 desired= 1 replicas= 1 ready= 1 cpu=  12.0m done= 200
t= 387.3s q=   0 inflight=  0 desired= 1 replicas= 1 ready= 1 cpu=  12.0m done= 200
t= 388.6s q=   0 inflight=  0 desired= 1 replicas= 1 ready= 1 cpu=  12.0m done= 200
t= 389.8s q=   0 inflight=  0 desired= 1 replicas= 1 ready= 1 cpu=  12.0m done= 200
t= 391.0s q=   0 inflight=  0 desired= 1 replicas= 1 ready= 1 cpu=  12.0m done= 200
t= 392.3s q=   0 inflight=  0 desired= 1 replicas= 1 ready= 1 cpu=  12.0m done= 200
t= 393.5s q=   0 inflight=  0 desired= 1 replicas= 1 ready= 1 cpu=  12.0m done= 200
t= 394.7s q=   0 inflight=  0 desired= 1 replicas= 1 ready= 1 cpu=  12.0m done= 200
t= 396.0s q=   0 inflight=  0 desired= 1 replicas= 1 ready= 1 cpu=  12.0m done= 200
t= 397.2s q=   0 inflight=  0 desired= 1 replicas= 1 ready= 1 cpu=  12.0m done= 200
t= 398.4s q=   0 inflight=  0 desired= 1 replicas= 1 ready= 1 cpu=  12.0m done= 200
t= 399.7s q=   0 inflight=  0 desired= 1 replicas= 1 ready= 1 cpu=  12.0m done= 200
wrote logs/timeline.csv
