t=   0.0s q=   0 inflight=  0 desired= 1 replicas= 1 ready= 1 cpu=   9.0m done=   0
t=   1.3s q=   0 inflight=  0 desired= 1 replicas= 1 ready= 1 cpu=   9.0m done=   0
t=   2.5s q=   0 inflight=  0 desired= 1 replicas= 1 ready= 1 cpu=   9.0m done=   0
t=   3.7s q=   0 inflight=  0 desired= 1 replicas= 1 ready= 1 cpu=   9.0m done=   0
t=   5.1s q=   0 inflight=  0 desired= 1 replicas= 1 ready= 1 cpu=   9.0m done=   0
t=   6.3s q=   0 inflight=  0 desired= 1 replicas= 1 ready= 1 cpu=   9.0m done=   0
t=   7.5s q=   0 inflight=  0 desired= 1 replicas= 1 ready= 1 cpu=   9.0m done=   0
t=   8.7s q=   0 inflight=  0 desired= 1 replicas= 1 ready= 1 cpu=   9.0m done=   0
t=   9.9s q=   0 inflight=  0 desired= 1 replicas= 1 ready= 1 cpu=   9.0m done=   0
t=  11.1s q=   0 inflight=  0 desired= 1 replicas= 1 ready= 1 cpu=   9.0m done=   0
t=  12.4s q=   0 inflight=  0 desired= 1 replicas= 1 ready= 1 cpu=   9.0m done=   0
t=  13.6s q=   0 inflight=  0 desired= 1 replicas= 1 ready= 1 cpu=   9.0m done=   0
t=  14.8s q=   0 inflight=  0 desired= 1 replicas= 1 ready= 1 cpu=   9.0m done=   0
t=  16.3s q= 198 inflight=  2 desired= 1 replicas= 1 ready= 1 cpu=   9.0m done=   0
t=  17.5s q= 198 inflight=  2 desired= 5 replicas= 1 ready= 1 cpu=   9.0m done=   0
t=  18.7s q= 196 inflight=  2 desired= 5 replicas= 5 ready= 1 cpu=   9.0m done=   2
t=  20.0s q= 196 inflight=  2 desired= 5 replicas= 5 ready= 1 cpu=   9.0m done=   2
t=  18.7s q= 194 inflight=  2 desired= 5 replicas= 5 ready= 1 cpu=   9.0m done=   4
t=  19.9s q= 194 inflight=  2 desired= 5 replicas= 5 ready= 1 cpu=   9.0m done=   4
t=  21.2s q= 194 inflight=  2 desired= 5 replicas= 5 ready= 1 cpu=   9.0m done=   4
t=  22.4s q= 192 inflight=  2 desired= 5 replicas= 5 ready= 1 cpu=   9.0m done=   6
t=  23.6s q= 192 inflight=  2 desired= 5 replicas= 5 ready= 1 cpu=   9.0m done=   6
t=  24.9s q= 190 inflight=  2 desired= 5 replicas= 5 ready= 1 cpu=   9.0m done=   8
t=  26.1s q= 190 inflight=  2 desired= 5 replicas= 5 ready= 1 cpu=   9.0m done=   8
t=  27.3s q= 190 inflight=  2 desired= 5 replicas= 5 ready= 1 cpu=   9.0m done=   8
t=  28.6s q= 188 inflight=  2 desired= 5 replicas= 5 ready= 1 cpu=   9.0m done=  10
t=  29.8s q= 188 inflight=  2 desired= 5 replicas= 5 ready= 1 cpu=   9.0m done=  10
t=  31.0s q= 186 inflight=  2 desired= 8 replicas= 8 ready= 1 cpu=   9.0m done=  12
t=  32.3s q= 186 inflight=  2 desired= 8 replicas= 8 ready= 1 cpu=   9.0m done=  12
t=  33.5s q= 185 inflight=  2 desired= 8 replicas= 8 ready= 1 cpu=   9.0m done=  13
t=  34.8s q= 184 inflight=  2 desired= 8 replicas= 8 ready= 1 cpu=  23.4m done=  14
t=  36.0s q= 184 inflight=  2 desired= 8 replicas= 8 ready= 1 cpu=  23.4m done=  14
t=  37.2s q= 174 inflight= 10 desired= 8 replicas= 8 ready= 1 cpu=  23.4m done=  16
t=  38.5s q= 174 inflight= 10 desired= 8 replicas= 8 ready= 5 cpu=  23.4m done=  16
t=  39.8s q= 164 inflight= 10 desired= 8 replicas= 8 ready= 5 cpu=  23.4m done=  26
t=  41.0s q= 164 inflight= 10 desired= 8 replicas= 8 ready= 5 cpu=  23.4m done=  26
t=  42.1s q= 164 inflight= 10 desired= 8 replicas= 8 ready= 5 cpu=  23.4m done=  26
t=  43.4s q= 154 inflight= 10 desired= 8 replicas= 8 ready= 5 cpu=  23.4m done=  36
t=  44.6s q= 154 inflight= 10 desired= 8 replicas= 8 ready= 5 cpu=  23.4m done=  36
t=  45.8s q= 144 inflight= 10 desired= 8 replicas= 8 ready= 5 cpu=  23.4m done=  46
t=  47.1s q= 144 inflight= 10 desired= 8 replicas= 8 ready= 5 cpu=  23.4m done=  46
t=  48.3s q= 144 inflight= 10 desired= 8 replicas= 8 ready= 5 cpu=  23.4m done=  46
t=  49.5s q= 134 inflight= 10 desired= 8 replicas= 8 ready= 5 cpu=  23.4m done=  56
t=  48.3s q= 134 inflight= 10 desired= 8 replicas= 8 ready= 5 cpu=  23.4m done=  56
t=  49.5s q= 118 inflight= 16 desired= 8 replicas= 8 ready= 5 cpu=  23.4m done=  66
t=  50.7s q= 118 inflight= 16 desired= 8 replicas= 8 ready= 8 cpu=  23.4m done=  66
t=  52.0s q= 107 inflight= 16 desired= 8 replicas= 8 ready= 8 cpu=  23.4m done=  77
t=  53.3s q= 102 inflight= 16 desired= 8 replicas= 8 ready= 8 cpu=  23.4m done=  82
t=  54.5s q= 102 inflight= 16 desired= 8 replicas= 8 ready= 8 cpu=  23.4m done=  82
t=  55.8s q=  86 inflight= 16 desired= 8 replicas= 8 ready= 8 cpu=  23.4m done=  98
t=  57.0s q=  86 inflight= 16 desired= 8 replicas= 8 ready= 8 cpu=  23.4m done=  98
t=  58.1s q=  71 inflight= 16 desired= 8 replicas= 8 ready= 8 cpu=  23.4m done= 113
t=  59.5s q=  70 inflight= 16 desired= 8 replicas= 8 ready= 8 cpu=  23.4m done= 114
t=  60.7s q=  70 inflight= 16 desired= 8 replicas= 8 ready= 8 cpu=  23.4m done= 114
t=  61.9s q=  54 inflight= 16 desired= 8 replicas= 8 ready= 8 cpu=  23.4m done= 130
t=  63.2s q=  54 inflight= 16 desired= 8 replicas= 8 ready= 8 cpu=  23.4m done= 130
t=  64.4s q=  38 inflight= 16 desired= 8 replicas= 8 ready= 8 cpu=  23.4m done= 146
t=  65.6s q=  38 inflight= 16 desired= 8 replicas= 8 ready= 8 cpu=  23.4m done= 146
t=  66.9s q=  37 inflight= 16 desired= 8 replicas= 8 ready= 8 cpu=  23.4m done= 147
t=  68.1s q=  22 inflight= 16 desired= 8 replicas= 8 ready= 8 cpu=  23.4m done= 162
t=  69.3s q=  22 inflight= 16 desired= 8 replicas= 8 ready= 8 cpu=  23.4m done= 162
t=  70.6s q=   6 inflight= 16 desired= 8 replicas= 8 ready= 8 cpu=  23.4m done= 178
t=  71.8s q=   6 inflight= 16 desired= 8 replicas= 8 ready= 8 cpu=  23.4m done= 178
t=  72.9s q=   0 inflight= 16 desired= 8 replicas= 8 ready= 8 cpu=  23.4m done= 184
t=  74.3s q=   0 inflight=  6 desired= 8 replicas= 8 ready= 8 cpu=  23.4m done= 194
t=  75.5s q=   0 inflight=  6 desired= 8 replicas= 8 ready= 8 cpu=  23.4m done= 194
t=  76.7s q=   0 inflight=  0 desired= 8 replicas= 8 ready= 8 cpu=  23.4m done= 200
t=  77.9s q=   0 inflight=  0 desired= 8 replicas= 8 ready= 8 cpu=  23.4m done= 200
t=  79.1s q=   0 inflight=  0 desired= 8 replicas= 8 ready= 8 cpu=  23.4m done= 200
t=  77.8s q=   0 inflight=  0 desired= 8 replicas= 8 ready= 8 cpu=  23.4m done= 200
t=  79.2s q=   0 inflight=  0 desired= 8 replicas= 8 ready= 8 cpu=  23.4m done= 200
t=  80.4s q=   0 inflight=  0 desired= 8 replicas= 8 ready= 8 cpu=  23.4m done= 200
t=  81.6s q=   0 inflight=  0 desired= 8 replicas= 8 ready= 8 cpu=  23.4m done= 200
t=  82.9s q=   0 inflight=  0 desired= 8 replicas= 8 ready= 8 cpu=  23.4m done= 200
t=  84.1s q=   0 inflight=  0 desired= 8 replicas= 8 ready= 8 cpu=  23.4m done= 200
t=  85.3s q=   0 inflight=  0 desired= 8 replicas= 8 ready= 8 cpu=  23.4m done= 200
t=  86.6s q=   0 inflight=  0 desired= 8 replicas= 8 ready= 8 cpu=  23.4m done= 200
t=  87.8s q=   0 inflight=  0 desired= 8 replicas= 8 ready= 8 cpu=  23.4m done= 200
t=  89.0s q=   0 inflight=  0 desired= 8 replicas= 8 ready= 8 cpu=  23.4m done= 200
t=  90.2s q=   0 inflight=  0 desired= 8 replicas= 8 ready= 8 cpu=  23.4m done= 200
t=  91.4s q=   0 inflight=  0 desired= 8 replicas= 8 ready= 8 cpu=  23.4m done= 200
t=  92.6s q=   0 inflight=  0 desired= 8 replicas= 8 ready= 8 cpu=  61.0m done= 200
t=  93.9s q=   0 inflight=  0 desired= 8 replicas= 8 ready= 8 cpu=  61.0m done= 200
t=  95.0s q=   0 inflight=  0 desired= 8 replicas= 8 ready= 8 cpu=  61.0m done= 200
t=  96.2s q=   0 inflight=  0 desired= 8 replicas= 8 ready= 8 cpu=  61.0m done= 200
t=  97.5s q=   0 inflight=  0 desired= 8 replicas= 8 ready= 8 cpu=  61.0m done= 200
t=  98.7s q=   0 inflight=  0 desired= 8 replicas= 8 ready= 8 cpu=  61.0m done= 200
t=  99.9s q=   0 inflight=  0 desired= 8 replicas= 8 ready= 8 cpu=  61.0m done= 200
t= 101.2s q=   0 inflight=  0 desired= 8 replicas= 8 ready= 8 cpu=  61.0m done= 200
t= 102.4s q=   0 inflight=  0 desired= 8 replicas= 8 ready= 8 cpu=  61.0m done= 200
t= 103.5s q=   0 inflight=  0 desired= 8 replicas= 8 ready= 8 cpu=  61.0m done= 200
t= 104.8s q=   0 inflight=  0 desired= 8 replicas= 8 ready= 8 cpu=  61.0m done= 200
t= 106.0s q=   0 inflight=  0 desired= 8 replicas= 8 ready= 8 cpu=  61.0m done= 200
t= 107.2s q=   0 inflight=  0 desired= 8 replicas= 8 ready= 8 cpu=  61.0m done= 200
t= 108.5s q=   0 inflight=  0 desired= 8 replicas= 8 ready= 8 cpu=  61.0m done= 200
t= 109.7s q=   0 inflight=  0 desired= 8 replicas= 8 ready= 8 cpu=  61.0m done= 200
t= 108.4s q=   0 inflight=  0 desired= 8 replicas= 8 ready= 8 cpu=  61.0m done= 200
t= 109.8s q=   0 inflight=  0 desired= 8 replicas= 8 ready= 8 cpu=  61.0m done= 200
t= 110.9s q=   0 inflight=  0 desired= 8 replicas= 8 ready= 8 cpu=  61.0m done= 200
t= 112.2s q=   0 inflight=  0 desired= 8 replicas= 8 ready= 8 cpu=  61.0m done= 200
t= 113.4s q=   0 inflight=  0 desired= 7 replicas= 7 ready= 7 cpu=  61.0m done= 200
t= 114.6s q=   0 inflight=  0 desired= 7 replicas= 7 ready= 7 cpu=  61.0m done= 200
t= 115.8s q=   0 inflight=  0 desired= 7 replicas= 7 ready= 7 cpu=  63.1m done= 200
t= 117.1s q=   0 inflight=  0 desired= 7 replicas= 7 ready= 7 cpu=  63.1m done= 200
t= 118.3s q=   0 inflight=  0 desired= 7 replicas= 7 ready= 7 cpu=  63.1m done= 200
t= 119.5s q=   0 inflight=  0 desired= 7 replicas= 7 ready= 7 cpu=  63.1m done= 200
t= 120.7s q=   0 inflight=  0 desired= 7 replicas= 7 ready= 7 cpu=  63.1m done= 200
t= 121.9s q=   0 inflight=  0 desired= 7 replicas= 7 ready= 7 cpu=  63.1m done= 200
t= 123.1s q=   0 inflight=  0 desired= 7 replicas= 7 ready= 7 cpu=  63.1m done= 200
t= 124.4s q=   0 inflight=  0 desired= 7 replicas= 7 ready= 7 cpu=  63.1m done= 200
t= 125.6s q=   0 inflight=  0 desired= 7 replicas= 7 ready= 7 cpu=  63.1m done= 200
t= 126.8s q=   0 inflight=  0 desired= 7 replicas= 7 ready= 7 cpu=  63.1m done= 200
t= 128.1s q=   0 inflight=  0 desired= 7 replicas= 7 ready= 7 cpu=  63.1m done= 200
t= 129.3s q=   0 inflight=  0 desired= 7 replicas= 7 ready= 7 cpu=  63.1m done= 200
t= 130.5s q=   0 inflight=  0 desired= 7 replicas= 7 ready= 7 cpu=  63.1m done= 200
t= 131.8s q=   0 inflight=  0 desired= 7 replicas= 7 ready= 7 cpu=  63.1m done= 200
t= 133.0s q=   0 inflight=  0 desired= 7 replicas= 7 ready= 7 cpu=  63.1m done= 200
t= 134.2s q=   0 inflight=  0 desired= 7 replicas= 7 ready= 7 cpu=  63.1m done= 200
t= 135.4s q=   0 inflight=  0 desired= 7 replicas= 7 ready= 7 cpu=  63.1m done= 200
t= 136.6s q=   0 inflight=  0 desired= 7 replicas= 7 ready= 7 cpu=  63.1m done= 200
t= 137.8s q=   0 inflight=  0 desired= 7 replicas= 7 ready= 7 cpu=  63.1m done= 200
t= 139.1s q=   0 inflight=  0 desired= 7 replicas= 7 ready= 7 cpu=  63.1m done= 200
t= 137.8s q=   0 inflight=  0 desired= 7 replicas= 7 ready= 7 cpu=  63.1m done= 200
t= 139.1s q=   0 inflight=  0 desired= 7 replicas= 7 ready= 7 cpu=  63.1m done= 200
t= 140.3s q=   0 inflight=  0 desired= 6 replicas= 6 ready= 6 cpu=  63.1m done= 200
t= 141.6s q=   0 inflight=  0 desired= 6 replicas= 6 ready= 6 cpu=  63.1m done= 200
t= 142.8s q=   0 inflight=  0 desired= 6 replicas= 6 ready= 6 cpu=  61.7m done= 200
t= 144.0s q=   0 inflight=  0 desired= 6 replicas= 6 ready= 6 cpu=  61.7m done= 200
t= 145.2s q=   0 inflight=  0 desired= 6 replicas= 6 ready= 6 cpu=  61.7m done= 200
t= 146.4s q=   0 inflight=  0 desired= 6 replicas= 6 ready= 6 cpu=  10.8m done= 200
t= 147.7s q=   0 inflight=  0 desired= 6 replicas= 6 ready= 6 cpu=  10.8m done= 200
t= 148.9s q=   0 inflight=  0 desired= 6 replicas= 6 ready= 6 cpu=  10.8m done= 200
t= 150.1s q=   0 inflight=  0 desired= 6 replicas= 6 ready= 6 cpu=  10.8m done= 200
t= 151.4s q=   0 inflight=  0 desired= 6 replicas= 6 ready= 6 cpu=  10.8m done= 200
t= 152.6s q=   0 inflight=  0 desired= 6 replicas= 6 ready= 6 cpu=  10.8m done= 200
t= 153.8s q=   0 inflight=  0 desired= 6 replicas= 6 ready= 6 cpu=  10.8m done= 200
t= 155.0s q=   0 inflight=  0 desired= 6 replicas= 6 ready= 6 cpu=  10.8m done= 200
t= 156.2s q=   0 inflight=  0 desired= 6 replicas= 6 ready= 6 cpu=  10.8m done= 200
t= 157.5s q=   0 inflight=  0 desired= 6 replicas= 6 ready= 6 cpu=  10.8m done= 200
t= 158.8s q=   0 inflight=  0 desired= 6 replicas= 6 ready= 6 cpu=  10.8m done= 200
t= 160.0s q=   0 inflight=  0 desired= 6 replicas= 6 ready= 6 cpu=  10.8m done= 200
t= 161.2s q=   0 inflight=  0 desired= 6 replicas= 6 ready= 6 cpu=  10.8m done= 200
t= 162.5s q=   0 inflight=  0 desired= 6 replicas= 6 ready= 6 cpu=  10.8m done= 200
t= 163.7s q=   0 inflight=  0 desired= 6 replicas= 6 ready= 6 cpu=  10.8m done= 200
t= 164.9s q=   0 inflight=  0 desired= 6 replicas= 6 ready= 6 cpu=  10.8m done= 200
t= 166.2s q=   0 inflight=  0 desired= 6 replicas= 6 ready= 6 cpu=  10.8m done= 200
t= 167.3s q=   0 inflight=  0 desired= 6 replicas= 6 ready= 6 cpu=  10.8m done= 200
t= 168.5s q=   0 inflight=  0 desired= 6 replicas= 6 ready= 6 cpu=  10.8m done= 200
t= 167.3s q=   0 inflight=  0 desired= 6 replicas= 6 ready= 6 cpu=  10.8m done= 200
t= 168.5s q=   0 inflight=  0 desired= 5 replicas= 5 ready= 5 cpu=  10.8m done= 200
t= 169.7s q=   0 inflight=  0 desired= 5 replicas= 5 ready= 5 cpu=  10.8m done= 200
t= 171.0s q=   0 inflight=  0 desired= 5 replicas= 5 ready= 5 cpu=  10.8m done= 200
t= 172.2s q=   0 inflight=  0 desired= 5 replicas= 5 ready= 5 cpu=  10.8m done= 200
t= 173.4s q=   0 inflight=  0 desired= 5 replicas= 5 ready= 5 cpu=  10.8m done= 200
t= 174.7s q=   0 inflight=  0 desired= 5 replicas= 5 ready= 5 cpu=  10.8m done= 200
t= 175.9s q=   0 inflight=  0 desired= 5 replicas= 5 ready= 5 cpu=  10.8m done= 200
t= 177.1s q=   0 inflight=  0 desired= 5 replicas= 5 ready= 5 cpu=  10.8m done= 200
t= 178.3s q=   0 inflight=  0 desired= 5 replicas= 5 ready= 5 cpu=  10.8m done= 200
t= 179.5s q=   0 inflight=  0 desired= 5 replicas= 5 ready= 5 cpu=  10.8m done= 200
t= 180.7s q=   0 inflight=  0 desired= 5 replicas= 5 ready= 5 cpu=  10.8m done= 200
t= 182.0s q=   0 inflight=  0 desired= 5 replicas= 5 ready= 5 cpu=  10.8m done= 200
t= 183.2s q=   0 inflight=  0 desired= 5 replicas= 5 ready= 5 cpu=  10.8m done= 200
t= 184.4s q=   0 inflight=  0 desired= 5 replicas= 5 ready= 5 cpu=  10.8m done= 200
t= 185.7s q=   0 inflight=  0 desired= 5 replicas= 5 ready= 5 cpu=  10.8m done= 200
t= 186.9s q=   0 inflight=  0 desired= 5 replicas= 5 ready= 5 cpu=  10.8m done= 200
t= 188.1s q=   0 inflight=  0 desired= 5 replicas= 5 ready= 5 cpu=  10.8m done= 200
t= 189.4s q=   0 inflight=  0 desired= 5 replicas= 5 ready= 5 cpu=  10.8m done= 200
t= 190.6s q=   0 inflight=  0 desired= 5 replicas= 5 ready= 5 cpu=  10.8m done= 200
t= 191.8s q=   0 inflight=  0 desired= 5 replicas= 5 ready= 5 cpu=  10.8m done= 200
t= 193.0s q=   0 inflight=  0 desired= 5 replicas= 5 ready= 5 cpu=  10.8m done= 200
t= 194.2s q=   0 inflight=  0 desired= 5 replicas= 5 ready= 5 cpu=  10.8m done= 200
t= 195.4s q=   0 inflight=  0 desired= 5 replicas= 5 ready= 5 cpu=  10.8m done= 200
t= 196.7s q=   0 inflight=  0 desired= 5 replicas= 5 ready= 5 cpu=  10.8m done= 200
t= 197.9s q=   0 inflight=  0 desired= 4 replicas= 4 ready= 4 cpu=  10.8m done= 200
t= 199.1s q=   0 inflight=  0 desired= 4 replicas= 4 ready= 4 cpu=  10.8m done= 200
t= 197.9s q=   0 inflight=  0 desired= 4 replicas= 4 ready= 4 cpu=  10.8m done= 200
t= 199.1s q=   0 inflight=  0 desired= 4 replicas= 4 ready= 4 cpu=  10.8m done= 200
t= 200.2s q=   0 inflight=  0 desired= 4 replicas= 4 ready= 4 cpu=  10.0m done= 200
t= 201.5s q=   0 inflight=  0 desired= 4 replicas= 4 ready= 4 cpu=  10.0m done= 200
t= 202.7s q=   0 inflight=  0 desired= 4 replicas= 4 ready= 4 cpu=  10.0m done= 200
t= 203.9s q=   0 inflight=  0 desired= 4 replicas= 4 ready= 4 cpu=  10.0m done= 200
t= 205.2s q=   0 inflight=  0 desired= 4 replicas= 4 ready= 4 cpu=  10.0m done= 200
t= 206.4s q=   0 inflight=  0 desired= 4 replicas= 4 ready= 4 cpu=  10.0m done= 200
t= 207.6s q=   0 inflight=  0 desired= 4 replicas= 4 ready= 4 cpu=  10.0m done= 200
t= 208.9s q=   0 inflight=  0 desired= 4 replicas= 4 ready= 4 cpu=  10.0m done= 200
t= 210.1s q=   0 inflight=  0 desired= 4 replicas= 4 ready= 4 cpu=  10.0m done= 200
t= 211.3s q=   0 inflight=  0 desired= 4 replicas= 4 ready= 4 cpu=  10.0m done= 200
t= 212.6s q=   0 inflight=  0 desired= 4 replicas= 4 ready= 4 cpu=  10.0m done= 200
t= 213.8s q=   0 inflight=  0 desired= 4 replicas= 4 ready= 4 cpu=  10.0m done= 200
t= 215.0s q=   0 inflight=  0 desired= 4 replicas= 4 ready= 4 cpu=  10.0m done= 200
t= 216.3s q=   0 inflight=  0 desired= 4 replicas= 4 ready= 4 cpu=  10.0m done= 200
t= 217.4s q=   0 inflight=  0 desired= 4 replicas= 4 ready= 4 cpu=  10.0m done= 200
t= 218.7s q=   0 inflight=  0 desired= 4 replicas= 4 ready= 4 cpu=  10.0m done= 200
t= 220.0s q=   0 inflight=  0 desired= 4 replicas= 4 ready= 4 cpu=  10.0m done= 200
t= 221.2s q=   0 inflight=  0 desired= 4 replicas= 4 ready= 4 cpu=  10.0m done= 200
t= 222.4s q=   0 inflight=  0 desired= 4 replicas= 4 ready= 4 cpu=  10.0m done= 200
t= 223.7s q=   0 inflight=  0 desired= 4 replicas= 4 ready= 4 cpu=  10.0m done= 200
t= 224.9s q=   0 inflight=  0 desired= 4 replicas= 4 ready= 4 cpu=  10.0m done= 200
t= 226.1s q=   0 inflight=  0 desired= 3 replicas= 3 ready= 3 cpu=   9.7m done= 200
t= 227.4s q=   0 inflight=  0 desired= 3 replicas= 3 ready= 3 cpu=   9.7m done= 200
t= 228.6s q=   0 inflight=  0 desired= 3 replicas= 3 ready= 3 cpu=   9.7m done= 200
t= 227.4s q=   0 inflight=  0 desired= 3 replicas= 3 ready= 3 cpu=   9.7m done= 200
t= 228.7s q=   0 inflight=  0 desired= 3 replicas= 3 ready= 3 cpu=   9.7m done= 200
t= 229.9s q=   0 inflight=  0 desired= 3 replicas= 3 ready= 3 cpu=   9.7m done= 200
t= 231.1s q=   0 inflight=  0 desired= 3 replicas= 3 ready= 3 cpu=   9.7m done= 200
t= 232.4s q=   0 inflight=  0 desired= 3 replicas= 3 ready= 3 cpu=   9.7m done= 200
t= 233.6s q=   0 inflight=  0 desired= 3 replicas= 3 ready= 3 cpu=   9.7m done= 200
t= 234.8s q=   0 inflight=  0 desired= 3 replicas= 3 ready= 3 cpu=   9.7m done= 200
t= 236.1s q=   0 inflight=  0 desired= 3 replicas= 3 ready= 3 cpu=   9.7m done= 200
t= 237.3s q=   0 inflight=  0 desired= 3 replicas= 3 ready= 3 cpu=   9.7m done= 200
t= 238.5s q=   0 inflight=  0 desired= 3 replicas= 3 ready= 3 cpu=   9.7m done= 200
t= 239.8s q=   0 inflight=  0 desired= 3 replicas= 3 ready= 3 cpu=   9.7m done= 200
t= 241.0s q=   0 inflight=  0 desired= 3 replicas= 3 ready= 3 cpu=   9.7m done= 200
t= 242.2s q=   0 inflight=  0 desired= 3 replicas= 3 ready= 3 cpu=   9.7m done= 200
t= 243.5s q=   0 inflight=  0 desired= 3 replicas= 3 ready= 3 cpu=   9.7m done= 200
t= 244.7s q=   0 inflight=  0 desired= 3 replicas= 3 ready= 3 cpu=   9.7m done= 200
t= 245.9s q=   0 inflight=  0 desired= 3 replicas= 3 ready= 3 cpu=   9.7m done= 200
t= 247.2s q=   0 inflight=  0 desired= 3 replicas= 3 ready= 3 cpu=   9.7m done= 200
t= 248.4s q=   0 inflight=  0 desired= 3 replicas= 3 ready= 3 cpu=   9.7m done= 200
t= 249.6s q=   0 inflight=  0 desired= 3 replicas= 3 ready= 3 cpu=   9.7m done= 200
t= 250.8s q=   0 inflight=  0 desired= 3 replicas= 3 ready= 3 cpu=   9.7m done= 200
t= 252.0s q=   0 inflight=  0 desired= 3 replicas= 3 ready= 3 cpu=   9.7m done= 200
t= 253.2s q=   0 inflight=  0 desired= 2 replicas= 2 ready= 2 cpu=   9.7m done= 200
t= 254.5s q=   0 inflight=  0 desired= 2 replicas= 2 ready= 2 cpu=   9.7m done= 200
t= 255.7s q=   0 inflight=  0 desired= 2 replicas= 2 ready= 2 cpu=   9.7m done= 200
t= 256.9s q=   0 inflight=  0 desired= 2 replicas= 2 ready= 2 cpu=  10.5m done= 200
t= 258.2s q=   0 inflight=  0 desired= 2 replicas= 2 ready= 2 cpu=  10.5m done= 200
t= 257.0s q=   0 inflight=  0 desired= 2 replicas= 2 ready= 2 cpu=  10.5m done= 200
t= 258.2s q=   0 inflight=  0 desired= 2 replicas= 2 ready= 2 cpu=   9.5m done= 200
t= 259.4s q=   0 inflight=  0 desired= 2 replicas= 2 ready= 2 cpu=   9.5m done= 200
t= 260.7s q=   0 inflight=  0 desired= 2 replicas= 2 ready= 2 cpu=   9.5m done= 200
t= 261.9s q=   0 inflight=  0 desired= 2 replicas= 2 ready= 2 cpu=   9.5m done= 200
t= 263.1s q=   0 inflight=  0 desired= 2 replicas= 2 ready= 2 cpu=   9.5m done= 200
t= 264.3s q=   0 inflight=  0 desired= 2 replicas= 2 ready= 2 cpu=   9.5m done= 200
t= 265.5s q=   0 inflight=  0 desired= 2 replicas= 2 ready= 2 cpu=   9.5m done= 200
t= 266.8s q=   0 inflight=  0 desired= 2 replicas= 2 ready= 2 cpu=   9.5m done= 200
t= 268.0s q=   0 inflight=  0 desired= 2 replicas= 2 ready= 2 cpu=   9.5m done= 200
t= 269.2s q=   0 inflight=  0 desired= 2 replicas= 2 ready= 2 cpu=   9.5m done= 200
t= 270.5s q=   0 inflight=  0 desired= 2 replicas= 2 ready= 2 cpu=   9.5m done= 200
t= 271.7s q=   0 inflight=  0 desired= 2 replicas= 2 ready= 2 cpu=   9.5m done= 200
t= 272.9s q=   0 inflight=  0 desired= 2 replicas= 2 ready= 2 cpu=   9.5m done= 200
t= 274.2s q=   0 inflight=  0 desired= 2 replicas= 2 ready= 2 cpu=   9.5m done= 200
t= 275.4s q=   0 inflight=  0 desired= 2 replicas= 2 ready= 2 cpu=   9.5m done= 200
t= 276.6s q=   0 inflight=  0 desired= 2 replicas= 2 ready= 2 cpu=   9.5m done= 200
t= 277.8s q=   0 inflight=  0 desired= 2 replicas= 2 ready= 2 cpu=   9.5m done= 200
t= 279.0s q=   0 inflight=  0 desired= 2 replicas= 2 ready= 2 cpu=   9.5m done= 200
t= 280.2s q=   0 inflight=  0 desired= 2 replicas= 2 ready= 2 cpu=   9.5m done= 200
t= 281.5s q=   0 inflight=  0 desired= 1 replicas= 1 ready= 1 cpu=   9.5m done= 200
t= 282.7s q=   0 inflight=  0 desired= 1 replicas= 1 ready= 1 cpu=   9.5m done= 200
t= 283.9s q=   0 inflight=  0 desired= 1 replicas= 1 ready= 1 cpu=   8.0m done= 200
t= 285.2s q=   0 inflight=  0 desired= 1 replicas= 1 ready= 1 cpu=   8.0m done= 200
t= 286.3s q=   0 inflight=  0 desired= 1 replicas= 1 ready= 1 cpu=   8.0m done= 200
t= 287.5s q=   0 inflight=  0 desired= 1 replicas= 1 ready= 1 cpu=   8.0m done= 200
t= 286.4s q=   0 inflight=  0 desired= 1 replicas= 1 ready= 1 cpu=   8.0m done= 200
t= 287.6s q=   0 inflight=  0 desired= 1 replicas= 1 ready= 1 cpu=   8.0m done= 200
t= 288.8s q=   0 inflight=  0 desired= 1 replicas= 1 ready= 1 cpu=   8.0m done= 200
t= 290.1s q=   0 inflight=  0 desired= 1 replicas= 1 ready= 1 cpu=   8.0m done= 200
t= 291.3s q=   0 inflight=  0 desired= 1 replicas= 1 ready= 1 cpu=   8.0m done= 200
t= 292.5s q=   0 inflight=  0 desired= 1 replicas= 1 ready= 1 cpu=   8.0m done= 200
t= 293.8s q=   0 inflight=  0 desired= 1 replicas= 1 ready= 1 cpu=   8.0m done= 200
t= 295.0s q=   0 inflight=  0 desired= 1 replicas= 1 ready= 1 cpu=   8.0m done= 200
t= 296.2s q=   0 inflight=  0 desired= 1 replicas= 1 ready= 1 cpu=   8.0m done= 200
t= 297.5s q=   0 inflight=  0 desired= 1 replicas= 1 ready= 1 cpu=   8.0m done= 200
t= 298.7s q=   0 inflight=  0 desired= 1 replicas= 1 ready= 1 cpu=   8.0m done= 200
t= 299.9s q=   0 inflight=  0 desired= 1 replicas= 1 ready= 1 cpu=   8.0m done= 200
t= 301.2s q=   0 inflight=  0 desired= 1 replicas= 1 ready= 1 cpu=   8.0m done= 200
t= 302.4s q=   0 inflight=  0 desired= 1 replicas= 1 ready= 1 cpu=   8.0m done= 200
t= 303.6s q=   0 inflight=  0 desired= 1 replicas= 1 ready= 1 cpu=   8.0m done= 200
t= 304.9s q=   0 inflight=  0 desired= 1 replicas= 1 ready= 1 cpu=   8.0m done= 200
t= 306.1s q=   0 inflight=  0 desired= 1 replicas= 1 ready= 1 cpu=   8.0m done= 200
t= 307.4s q=   0 inflight=  0 desired= 1 replicas= 1 ready= 1 cpu=   8.0m done= 200
t= 308.7s q=   0 inflight=  0 desired= 1 replicas= 1 ready= 1 cpu=   8.0m done= 200
t= 309.9s q=   0 inflight=  0 desired= 1 replicas= 1 ready= 1 cpu=   8.0m done= 200
t= 311.1s q=   0 inflight=  0 desired= 1 replicas= 1 ready= 1 cpu=   8.0m done= 200
t= 312.4s q=   0 inflight=  0 desired= 1 replicas= 1 ready= 1 cpu=   8.0m done= 200
t= 313.6s q=   0 inflight=  0 desired= 1 replicas= 1 ready= 1 cpu=   8.0m done= 200
t= 314.8s q=   0 inflight=  0 desired= 1 replicas= 1 ready= 1 cpu=   9.0m done= 200
t= 316.1s q=   0 inflight=  0 desired= 1 replicas= 1 ready= 1 cpu=   9.0m done= 200
t= 317.2s q=   0 inflight=  0 desired= 1 replicas= 1 ready= 1 cpu=   9.0m done= 200
t= 316.0s q=   0 inflight=  0 desired= 1 replicas= 1 ready= 1 cpu=   9.0m done= 200
t= 317.2s q=   0 inflight=  0 desired= 1 replicas= 1 ready= 1 cpu=   9.0m done= 200
t= 318.4s q=   0 inflight=  0 desired= 1 replicas= 1 ready= 1 cpu=   9.0m done= 200
t= 319.6s q=   0 inflight=  0 desired= 1 replicas= 1 ready= 1 cpu=   9.0m done= 200
t= 320.9s q=   0 inflight=  0 desired= 1 replicas= 1 ready= 1 cpu=   9.0m done= 200
t= 322.1s q=   0 inflight=  0 desired= 1 replicas= 1 ready= 1 cpu=   9.0m done= 200
t= 323.3s q=   0 inflight=  0 desired= 1 replicas= 1 ready= 1 cpu=   9.0m done= 200
t= 324.6s q=   0 inflight=  0 desired= 1 replicas= 1 ready= 1 cpu=   9.0m done= 200
t= 325.8s q=   0 inflight=  0 desired= 1 replicas= 1 ready= 1 cpu=   9.0m done= 200
t= 327.0s q=   0 inflight=  0 desired= 1 replicas= 1 ready= 1 cpu=   9.0m done= 200
t= 328.3s q=   0 inflight=  0 desired= 1 replicas= 1 ready= 1 cpu=   9.0m done= 200
t= 329.5s q=   0 inflight=  0 desired= 1 replicas= 1 ready= 1 cpu=   9.0m done= 200
t= 330.7s q=   0 inflight=  0 desired= 1 replicas= 1 ready= 1 cpu=   9.0m done= 200
t= 332.0s q=   0 inflight=  0 desired= 1 replicas= 1 ready= 1 cpu=   9.0m done= 200
t= 333.2s q=   0 inflight=  0 desired= 1 replicas= 1 ready= 1 cpu=   9.0m done= 200
t= 334.4s q=   0 inflight=  0 desired= 1 replicas= 1 ready= 1 cpu=   9.0m done= 200
t= 335.7s q=   0 inflight=  0 desired= 1 replicas= 1 ready= 1 cpu=   9.0m done= 200
t= 336.9s q=   0 inflight=  0 desired= 1 replicas= 1 ready= 1 cpu=   9.0m done= 200
t= 338.1s q=   0 inflight=  0 desired= 1 replicas= 1 ready= 1 cpu=   9.0m done= 200
t= 339.4s q=   0 inflight=  0 desired= 1 replicas= 1 ready= 1 cpu=   9.0m done= 200
t= 340.6s q=   0 inflight=  0 desired= 1 replicas= 1 ready= 1 cpu=   9.0m done= 200
t= 341.8s q=   0 inflight=  0 desired= 1 replicas= 1 ready= 1 cpu=   9.0m done= 200
t= 343.0s q=   0 inflight=  0 desired= 1 replicas= 1 ready= 1 cpu=   9.0m done= 200
t= 344.2s q=   0 inflight=  0 desired= 1 replicas= 1 ready= 1 cpu=   9.0m done= 200
t= 345.4s q=   0 inflight=  0 desired= 1 replicas= 1 ready= 1 cpu=   9.0m done= 200
t= 346.7s q=   0 inflight=  0 desired= 1 replicas= 1 ready= 1 cpu=   9.0m done= 200
t= 347.9s q=   0 inflight=  0 desired= 1 replicas= 1 ready= 1 cpu=   9.0m done= 200
t= 346.6s q=   0 inflight=  0 desired= 1 replicas= 1 ready= 1 cpu=   9.0m done= 200
t= 347.9s q=   0 inflight=  0 desired= 1 replicas= 1 ready= 1 cpu=   9.0m done= 200
t= 349.1s q=   0 inflight=  0 desired= 1 replicas= 1 ready= 1 cpu=   9.0m done= 200
t= 350.4s q=   0 inflight=  0 desired= 1 replicas= 1 ready= 1 cpu=   9.0m done= 200
t= 351.6s q=   0 inflight=  0 desired= 1 replicas= 1 ready= 1 cpu=   9.0m done= 200
t= 352.9s q=   0 inflight=  0 desired= 1 replicas= 1 ready= 1 cpu=   9.0m done= 200
t= 354.0s q=   0 inflight=  0 desired= 1 replicas= 1 ready= 1 cpu=   9.0m done= 200
t= 355.3s q=   0 inflight=  0 desired= 1 replicas= 1 ready= 1 cpu=   9.0m done= 200
t= 356.6s q=   0 inflight=  0 desired= 1 replicas= 1 ready= 1 cpu=   9.0m done= 200
t= 357.8s q=   0 inflight=  0 desired= 1 replicas= 1 ready= 1 cpu=   9.0m done= 200
t= 359.0s q=   0 inflight=  0 desired= 1 replicas= 1 ready= 1 cpu=   9.0m done= 200
t= 360.2s q=   0 inflight=  0 desired= 1 replicas= 1 ready= 1 cpu=   9.0m done= 200
t= 361.4s q=   0 inflight=  0 desired= 1 replicas= 1 ready= 1 cpu=   9.0m done= 200
t= 362.7s q=   0 inflight=  0 desired= 1 replicas= 1 ready= 1 cpu=   9.0m done= 200
t= 363.9s q=   0 inflight=  0 desired= 1 replicas= 1 ready= 1 cpu=   9.0m done= 200
t= 365.1s q=   0 inflight=  0 desired= 1 replicas= 1 ready= 1 cpu=   9.0m done= 200
t= 366.4s q=   0 inflight=  0 desired= 1 replicas= 1 ready= 1 cpu=   9.0m done= 200
t= 367.6s q=   0 inflight=  0 desired= 1 replicas= 1 ready= 1 cpu=   9.0m done= 200
t= 368.8s q=   0 inflight=  0 desired= 1 replicas= 1 ready= 1 cpu=   9.0m done= 200
t= 370.3s q=   0 inflight=  0 desired= 1 replicas= 1 ready= 1 cpu=   9.0m done= 200
t= 371.7s q=   0 inflight=  0 desired= 1 replicas= 1 ready= 1 cpu=   9.0m done= 200
t= 372.9s q=   0 inflight=  0 desired= 1 replicas= 1 ready= 1 cpu=   9.0m done= 200
t= 374.2s q=   0 inflight=  0 desired= 1 replicas= 1 ready= 1 cpu=   9.0m done= 200
t= 375.4s q=   0 inflight=  0 desired= 1 replicas= 1 ready= 1 cpu=   9.0m done= 200
t= 376.6s q=   0 inflight=  0 desired= 1 replicas= 1 ready= 1 cpu=   9.0m done= 200
t= 377.9s q=   0 inflight=  0 desired= 1 replicas= 1 ready= 1 cpu=   9.0m done= 200
t= 376.6s q=   0 inflight=  0 desired= 1 replicas= 1 ready= 1 cpu=   9.0m done= 200
t= 377.8s q=   0 inflight=  0 desired= 1 replicas= 1 ready= 1 cpu=   9.0m done= 200
t= 379.1s q=   0 inflight=  0 desired= 1 replicas= 1 ready= 1 cpu=   9.0m done= 200
t= 380.4s q=   0 inflight=  0 desired= 1 replicas= 1 ready= 1 cpu=   9.0m done= 200
t= 381.6s q=   0 inflight=  0 desired= 1 replicas= 1 ready= 1 cpu=   9.0m done= 200
t= 382.9s q=   0 inflight=  0 desired= 1 replicas= 1 ready= 1 cpu=   9.0m done= 200
t= 384.1s q=   0 inflight=  0 desired= 1 replicas= 1 ready= 1 cpu=   9.0m done= 200
t= 385.4s q=   0 inflight=  0 desired= 1 replicas= 1 ready= 1 cpu=   9.0m done= 200
t= 386.6s q=   0 inflight=  0 desired= 1 replicas= 1 ready= 1 cpu=   9.0m done= 200
t= 387.8s q=   0 inflight=  0 desired= 1 replicas= 1 ready= 1 cpu=   9.0m done= 200
t= 389.0s q=   0 inflight=  0 desired= 1 replicas= 1 ready= 1 cpu=   9.0m done= 200
t= 390.3s q=   0 inflight=  0 desired= 1 replicas= 1 ready= 1 cpu=   9.0m done= 200
t= 391.5s q=   0 inflight=  0 desired= 1 replicas= 1 ready= 1 cpu=   9.0m done= 200
t= 392.7s q=   0 inflight=  0 desired= 1 replicas= 1 ready= 1 cpu=   9.0m done= 200
t= 394.0s q=   0 inflight=  0 desired= 1 replicas= 1 ready= 1 cpu=   9.0m done= 200
t= 395.1s q=   0 inflight=  0 desired= 1 replicas= 1 ready= 1 cpu=   9.0m done= 200
t= 396.4s q=   0 inflight=  0 desired= 1 replicas= 1 ready= 1 cpu=   9.0m done= 200
t= 397.6s q=   0 inflight=  0 desired= 1 replicas= 1 ready= 1 cpu=   9.0m done= 200
t= 398.8s q=   0 inflight=  0 desired= 1 replicas= 1 ready= 1 cpu=   9.0m done= 200
wrote logs/timeline.csv
